2025-03-31 01:03:50,792 - assistant - INFO - Отправка запроса к API Яндекс Расписаний: https://api.rasp.yandex.net/v3.0/search/
2025-03-31 01:03:50,792 - assistant - DEBUG - Параметры запроса: {'format': 'json', 'lang': 'ru_RU', 'text': 'москва', 'type': 'settlement', 'apikey': '***'}
2025-03-31 01:03:51,150 - assistant - ERROR - Ошибка при выполнении запроса: 400 Client Error: Bad Request for url: https://api.rasp.yandex.net/v3.0/search/?format=json&lang=ru_RU&text=%D0%BC%D0%BE%D1%81%D0%BA%D0%B2%D0%B0&type=settlement&apikey=fd6e2186-94fa-4a9c-99e3-afc9a8e36afb
2025-03-31 01:03:51,156 - assistant - WARNING - Не найден код станции для города москва
2025-03-31 01:03:51,156 - assistant - INFO - Отправка запроса к API Яндекс Расписаний: https://api.rasp.yandex.net/v3.0/search/
2025-03-31 01:03:51,157 - assistant - DEBUG - Параметры запроса: {'format': 'json', 'lang': 'ru_RU', 'text': 'екатеринбург', 'type': 'settlement', 'apikey': '***'}
2025-03-31 01:03:51,608 - assistant - ERROR - Ошибка при выполнении запроса: 400 Client Error: Bad Request for url: https://api.rasp.yandex.net/v3.0/search/?format=json&lang=ru_RU&text=%D0%B5%D0%BA%D0%B0%D1%82%D0%B5%D1%80%D0%B8%D0%BD%D0%B1%D1%83%D1%80%D0%B3&type=settlement&apikey=fd6e2186-94fa-4a9c-99e3-afc9a8e36afb
2025-03-31 01:03:51,614 - assistant - WARNING - Не найден код станции для города екатеринбург
2025-03-31 01:06:32,874 - assistant - INFO - Отправка запроса к API Яндекс Расписаний: https://api.rasp.yandex.net/v3.0/stations_list/
2025-03-31 01:06:32,875 - assistant - DEBUG - Параметры запроса: {'format': 'json', 'lang': 'ru_RU', 'name': 'москва', 'apikey': '***'}
2025-03-31 01:06:34,941 - assistant - INFO - Получен ответ от API. Статус: 200
2025-03-31 01:06:34,941 - assistant - DEBUG - Заголовки ответа: {'Allow': 'GET', 'Content-Encoding': 'gzip', 'Content-Length': '5047033', 'Content-Type': 'text/html; charset=utf-8', 'Date': 'Sun, 30 Mar 2025 22:06:34 GMT', 'Vary': 'Accept, Accept-Encoding', 'X-Content-Type-Options': 'nosniff'}
2025-03-31 01:06:35,497 - assistant - INFO - Отправка запроса к API Яндекс Расписаний: https://api.rasp.yandex.net/v3.0/settlements/
2025-03-31 01:06:35,497 - assistant - DEBUG - Параметры запроса: {'format': 'json', 'lang': 'ru_RU', 'name': 'москва', 'apikey': '***'}
2025-03-31 01:06:35,793 - assistant - ERROR - Ошибка при выполнении запроса: ('Connection aborted.', RemoteDisconnected('Remote end closed connection without response'))
2025-03-31 01:06:35,894 - assistant - WARNING - Не найден код станции для города москва
2025-03-31 01:06:35,894 - assistant - INFO - Отправка запроса к API Яндекс Расписаний: https://api.rasp.yandex.net/v3.0/stations_list/
2025-03-31 01:06:35,895 - assistant - DEBUG - Параметры запроса: {'format': 'json', 'lang': 'ru_RU', 'name': 'екатеринбург', 'apikey': '***'}
2025-03-31 01:06:37,858 - assistant - INFO - Получен ответ от API. Статус: 200
2025-03-31 01:06:37,858 - assistant - DEBUG - Заголовки ответа: {'Allow': 'GET', 'Content-Encoding': 'gzip', 'Content-Length': '5047033', 'Content-Type': 'text/html; charset=utf-8', 'Date': 'Sun, 30 Mar 2025 22:06:37 GMT', 'Vary': 'Accept, Accept-Encoding', 'X-Content-Type-Options': 'nosniff'}
2025-03-31 01:06:38,384 - assistant - INFO - Отправка запроса к API Яндекс Расписаний: https://api.rasp.yandex.net/v3.0/settlements/
2025-03-31 01:06:38,384 - assistant - DEBUG - Параметры запроса: {'format': 'json', 'lang': 'ru_RU', 'name': 'екатеринбург', 'apikey': '***'}
2025-03-31 01:06:38,643 - assistant - ERROR - Ошибка при выполнении запроса: ('Connection aborted.', RemoteDisconnected('Remote end closed connection without response'))
2025-03-31 01:06:38,714 - assistant - WARNING - Не найден код станции для города екатеринбург
2025-03-31 01:08:26,338 - assistant - INFO - Найден код станции в кэше для города москва: c213
2025-03-31 01:08:26,339 - assistant - INFO - Найден код станции в кэше для города екатеринбург: c39
2025-03-31 01:08:26,339 - assistant - INFO - Отправка запроса к API Яндекс Расписаний: https://api.rasp.yandex.net/v3.0/search/
2025-03-31 01:08:26,339 - assistant - DEBUG - Параметры запроса: {'format': 'json', 'lang': 'ru_RU', 'from': 'c213', 'to': 'c39', 'date': '2025-03-31', 'transfers': True, 'apikey': '***'}
2025-03-31 01:08:29,741 - assistant - INFO - Получен ответ от API. Статус: 200
2025-03-31 01:08:29,742 - assistant - DEBUG - Заголовки ответа: {'Allow': 'GET', 'Content-Encoding': 'gzip', 'Content-Length': '7860', 'Content-Type': 'application/json; charset=utf-8', 'Date': 'Sun, 30 Mar 2025 22:08:29 GMT', 'Vary': 'Accept, Accept-Encoding', 'X-Content-Type-Options': 'nosniff'}
2025-03-31 01:08:29,755 - assistant - ERROR - Ошибка при получении расписания: 'thread'
2025-03-31 01:09:13,924 - assistant - INFO - Найден код станции в кэше для города москва: c213
2025-03-31 01:09:13,925 - assistant - INFO - Найден код станции в кэше для города екатеринбург: c39
2025-03-31 01:09:13,925 - assistant - INFO - Отправка запроса к API Яндекс Расписаний: https://api.rasp.yandex.net/v3.0/search/
2025-03-31 01:09:13,925 - assistant - DEBUG - Параметры запроса: {'format': 'json', 'lang': 'ru_RU', 'from': 'c213', 'to': 'c39', 'date': '2025-03-31', 'transfers': True, 'apikey': '***'}
2025-03-31 01:09:17,098 - assistant - INFO - Получен ответ от API. Статус: 200
2025-03-31 01:09:17,098 - assistant - DEBUG - Заголовки ответа: {'Allow': 'GET', 'Content-Encoding': 'gzip', 'Content-Length': '7860', 'Content-Type': 'application/json; charset=utf-8', 'Date': 'Sun, 30 Mar 2025 22:09:17 GMT', 'Vary': 'Accept, Accept-Encoding', 'X-Content-Type-Options': 'nosniff'}
2025-03-31 01:09:17,113 - assistant - ERROR - Ошибка при получении расписания: 'thread'
2025-03-31 01:11:27,013 - assistant - INFO - Найден код станции в кэше для города москва: c213
2025-03-31 01:11:27,014 - assistant - INFO - Найден код станции в кэше для города екатеринбург: c39
2025-03-31 01:11:27,014 - assistant - INFO - Отправка запроса к API Яндекс Расписаний: https://api.rasp.yandex.net/v3.0/search/
2025-03-31 01:11:27,014 - assistant - DEBUG - Параметры запроса: {'format': 'json', 'lang': 'ru_RU', 'from': 'c213', 'to': 'c39', 'date': '2025-04-01', 'transfers': True, 'transport_types': 'train,bus,suburban', 'limit': 10, 'apikey': '***'}
2025-03-31 01:11:28,439 - assistant - INFO - Получен ответ от API. Статус: 200
2025-03-31 01:11:28,439 - assistant - DEBUG - Заголовки ответа: {'Allow': 'GET', 'Content-Encoding': 'gzip', 'Content-Length': '1867', 'Content-Type': 'application/json; charset=utf-8', 'Date': 'Sun, 30 Mar 2025 22:11:28 GMT', 'Vary': 'Accept, Accept-Encoding', 'X-Content-Type-Options': 'nosniff'}
2025-03-31 01:11:28,446 - assistant - INFO - Найдено 10 рейсов для маршрута москва → екатеринбург на 2025-04-01
2025-03-31 01:18:16,681 - assistant - INFO - Найден код станции в кэше для города москва: c213
2025-03-31 01:18:16,681 - assistant - INFO - Найден код станции в кэше для города екатеринбург: c39
2025-03-31 01:18:16,681 - assistant - INFO - Отправка запроса к API Яндекс Расписаний: https://api.rasp.yandex.net/v3.0/search/
2025-03-31 01:18:16,681 - assistant - DEBUG - Параметры запроса: {'format': 'json', 'lang': 'ru_RU', 'from': 'c213', 'to': 'c39', 'date': '2025-04-01', 'transfers': True, 'transport_types': 'train,bus,suburban', 'limit': 10, 'apikey': '***'}
2025-03-31 01:18:19,054 - assistant - INFO - Получен ответ от API. Статус: 200
2025-03-31 01:18:19,055 - assistant - DEBUG - Заголовки ответа: {'Allow': 'GET', 'Content-Encoding': 'gzip', 'Content-Length': '1867', 'Content-Type': 'application/json; charset=utf-8', 'Date': 'Sun, 30 Mar 2025 22:18:19 GMT', 'Vary': 'Accept, Accept-Encoding', 'X-Content-Type-Options': 'nosniff'}
2025-03-31 01:18:19,062 - assistant - INFO - Найдено 10 рейсов для маршрута москва → екатеринбург на 2025-04-01
2025-03-31 01:18:24,282 - assistant - ERROR - Ошибка при обращении к GigaChat: 'GigaChatAuth' object has no attribute 'chat'
2025-03-31 01:18:28,460 - assistant - ERROR - Ошибка при обращении к GigaChat: 'GigaChatAuth' object has no attribute 'chat'
2025-03-31 01:19:52,464 - assistant - INFO - Найден код станции в кэше для города москва: c213
2025-03-31 01:19:52,465 - assistant - INFO - Найден код станции в кэше для города екатеринбург: c39
2025-03-31 01:19:52,465 - assistant - INFO - Отправка запроса к API Яндекс Расписаний: https://api.rasp.yandex.net/v3.0/search/
2025-03-31 01:19:52,465 - assistant - DEBUG - Параметры запроса: {'format': 'json', 'lang': 'ru_RU', 'from': 'c213', 'to': 'c39', 'date': '2025-04-01', 'transfers': True, 'transport_types': 'train,bus,suburban', 'limit': 10, 'apikey': '***'}
2025-03-31 01:19:56,024 - assistant - INFO - Получен ответ от API. Статус: 200
2025-03-31 01:19:56,025 - assistant - DEBUG - Заголовки ответа: {'Allow': 'GET', 'Content-Encoding': 'gzip', 'Content-Length': '1867', 'Content-Type': 'application/json; charset=utf-8', 'Date': 'Sun, 30 Mar 2025 22:19:56 GMT', 'Vary': 'Accept, Accept-Encoding', 'X-Content-Type-Options': 'nosniff'}
2025-03-31 01:19:56,032 - assistant - INFO - Найдено 10 рейсов для маршрута москва → екатеринбург на 2025-04-01
2025-03-31 01:19:58,160 - assistant - ERROR - Ошибка при обращении к GigaChat: 'GigaChatAuth' object has no attribute 'chat'
2025-03-31 01:21:15,460 - assistant - INFO - Найден код станции в кэше для города москва: c213
2025-03-31 01:21:15,460 - assistant - INFO - Найден код станции в кэше для города екатеринбург: c39
2025-03-31 01:21:15,460 - assistant - INFO - Отправка запроса к API Яндекс Расписаний: https://api.rasp.yandex.net/v3.0/search/
2025-03-31 01:21:15,460 - assistant - DEBUG - Параметры запроса: {'format': 'json', 'lang': 'ru_RU', 'from': 'c213', 'to': 'c39', 'date': '2025-04-01', 'transfers': True, 'transport_types': 'train,bus,suburban', 'limit': 10, 'apikey': '***'}
2025-03-31 01:21:17,665 - assistant - INFO - Получен ответ от API. Статус: 200
2025-03-31 01:21:17,665 - assistant - DEBUG - Заголовки ответа: {'Allow': 'GET', 'Content-Encoding': 'gzip', 'Content-Length': '1867', 'Content-Type': 'application/json; charset=utf-8', 'Date': 'Sun, 30 Mar 2025 22:21:17 GMT', 'Vary': 'Accept, Accept-Encoding', 'X-Content-Type-Options': 'nosniff'}
2025-03-31 01:21:17,672 - assistant - INFO - Найдено 10 рейсов для маршрута москва → екатеринбург на 2025-04-01
2025-03-31 01:21:19,951 - assistant - ERROR - Ошибка при обращении к GigaChat: 'GigaChatAuth' object has no attribute 'chat_completion'
2025-03-31 01:23:10,034 - assistant - INFO - Найден код станции в кэше для города москва: c213
2025-03-31 01:23:10,034 - assistant - INFO - Найден код станции в кэше для города екатеринбург: c39
2025-03-31 01:23:10,034 - assistant - INFO - Отправка запроса к API Яндекс Расписаний: https://api.rasp.yandex.net/v3.0/search/
2025-03-31 01:23:10,035 - assistant - DEBUG - Параметры запроса: {'format': 'json', 'lang': 'ru_RU', 'from': 'c213', 'to': 'c39', 'date': '2025-04-01', 'transfers': True, 'transport_types': 'train,bus,suburban', 'limit': 10, 'apikey': '***'}
2025-03-31 01:23:12,085 - assistant - INFO - Получен ответ от API. Статус: 200
2025-03-31 01:23:12,086 - assistant - DEBUG - Заголовки ответа: {'Allow': 'GET', 'Content-Encoding': 'gzip', 'Content-Length': '1867', 'Content-Type': 'application/json; charset=utf-8', 'Date': 'Sun, 30 Mar 2025 22:23:12 GMT', 'Vary': 'Accept, Accept-Encoding', 'X-Content-Type-Options': 'nosniff'}
2025-03-31 01:23:12,092 - assistant - INFO - Найдено 10 рейсов для маршрута москва → екатеринбург на 2025-04-01
2025-03-31 01:26:32,662 - assistant - INFO - Найден код станции в кэше для города москва: c213
2025-03-31 01:26:32,663 - assistant - INFO - Найден код станции в кэше для города екатеринбург: c39
2025-03-31 01:26:32,663 - assistant - INFO - Отправка запроса к API Яндекс Расписаний: https://api.rasp.yandex.net/v3.0/search/
2025-03-31 01:26:32,663 - assistant - DEBUG - Параметры запроса: {'format': 'json', 'lang': 'ru_RU', 'from': 'c213', 'to': 'c39', 'date': '2025-04-01', 'transfers': True, 'transport_types': 'train,bus,suburban', 'limit': 10, 'apikey': '***'}
2025-03-31 01:26:33,556 - assistant - INFO - Получен ответ от API. Статус: 200
2025-03-31 01:26:33,557 - assistant - DEBUG - Заголовки ответа: {'Allow': 'GET', 'Content-Encoding': 'gzip', 'Content-Length': '1867', 'Content-Type': 'application/json; charset=utf-8', 'Date': 'Sun, 30 Mar 2025 22:26:33 GMT', 'Vary': 'Accept, Accept-Encoding', 'X-Content-Type-Options': 'nosniff'}
2025-03-31 01:26:33,563 - assistant - INFO - Найдено 10 рейсов для маршрута москва → екатеринбург на 2025-04-01
