2025-04-04 01:34:23,669 - INFO - Операция: Анализ запроса
2025-04-04 01:34:23,669 - INFO - Детали: Запрос: Требуется информация как создать документ?
2025-04-04 01:34:26,973 - INFO - Операция: Анализ запроса завершен
2025-04-04 01:34:26,973 - INFO - Детали: Результат анализа: Анализ запроса показывает, что пользователь хочет получить информацию о том, **как создать документ**. Это общий запрос, который можно интерпретировать по-разному в зависимости от контекста. 

### 1. Тип запроса
Запрос является общим, так как не содержит конкретной информации о типе документа, его содержании или формате. Пользователь просто интересуется процессом создания документа.

### 2. Ключевые слова и фразы для поиска
Для поиска информации о создании документов можно использовать следующие ключевые слова и фразы:
- "Как создать документ"
- "Создание документа"
- "Инструкция по созданию документа"
- "Процесс создания документа"
- "Оформление документа"
- "Форматирование документа"
- "Документ: создание и оформление"

### 3. Возможные разделы, где может находиться информация
Чтобы найти нужную информацию, можно обратиться к следующим источникам:
- **Руководства по работе с текстовыми редакторами** (например, Microsoft Word, Google Docs): здесь часто есть встроенные руководства по созданию и форматированию документов.
- **Справочные центры программного обеспечения**: многие программы имеют встроенные справочные системы, которые могут объяснить процесс создания документа.
- **Видеоуроки и курсы**: в интернете можно найти множество видеоуроков, обучающих созданию различных типов документов.
- **Книги и статьи**: специализированная литература по делопроизводству и написанию документов также может быть полезной.
- **Консультации специалистов**: если у вас есть возможность, можно обратиться за консультацией к профессионалам в области делопроизводства или IT.

### 4. Как лучше структурировать ответ
Ответ можно структурировать следующим образом:
1. **Общее описание процесса создания документа**: кратко объясните основные шаги, такие как выбор формата, определение структуры, добавление текста и т.д.
2. **Рекомендации по выбору текстового редактора**: укажите, какие программы наиболее удобны для создания документов разных типов (например, MS Word для офисных документов, LaTeX для научных статей).
3. **Описание основных элементов документа**: расскажите о таких аспектах, как титульный лист, содержание, список литературы, нумерация страниц и т.д.
4. **Примеры и образцы**: приведите примеры готовых документов, чтобы показать, как они должны выглядеть.
5. **Советы по оформлению**: дайте рекомендации по стилю, шрифтам, интервалам и другим аспектам оформления.
6. **Полезные ресурсы**: ссылки на книги, статьи, видеоуроки и другие источники, которые помогут углубить знания пользователя.

Такой подход позволит предоставить пользователю полную и структурированную информацию о процессе создания документа.
2025-04-04 01:34:26,974 - INFO - Операция: Обработка файла
2025-04-04 01:34:26,974 - INFO - Детали: Файл: Документ Microsoft Word по заказу.docx
2025-04-04 01:34:26,974 - INFO - Операция: Чтение Word файла
2025-04-04 01:34:26,974 - INFO - Детали: Обработка файла: documents\Документ Microsoft Word по заказу.docx
2025-04-04 01:34:26,978 - INFO - Операция: Успешное чтение Word
2025-04-04 01:34:26,978 - INFO - Детали: Извлечено 1 секций
2025-04-04 01:34:26,978 - INFO - Операция: Обработка файла
2025-04-04 01:34:26,979 - INFO - Детали: Файл: Документ Microsoft Word.docx
2025-04-04 01:34:26,979 - INFO - Операция: Чтение Word файла
2025-04-04 01:34:26,979 - INFO - Детали: Обработка файла: documents\Документ Microsoft Word.docx
2025-04-04 01:34:26,981 - INFO - Операция: Успешное чтение Word
2025-04-04 01:34:26,981 - INFO - Детали: Извлечено 1 секций
2025-04-04 01:34:26,981 - INFO - Операция: Обработка файла
2025-04-04 01:34:26,981 - INFO - Детали: Файл: Лист Microsoft Excel.xlsx
2025-04-04 01:34:26,981 - INFO - Операция: Чтение Excel файла
2025-04-04 01:34:26,981 - INFO - Детали: Обработка файла: documents\Лист Microsoft Excel.xlsx
2025-04-04 01:34:27,092 - INFO - Операция: Успешное чтение Excel
2025-04-04 01:34:27,093 - INFO - Детали: Извлечено 1 секций
2025-04-04 01:34:27,093 - INFO - Операция: Отправка запроса к GigaChat
2025-04-04 01:34:27,093 - INFO - Детали: Промпт: Ты - ассистент для поиска информации в документах. Твоя задача - найти и проанализировать информацию из документов, соответствующую запросу.

Запрос пользователя: Требуется информация как создать доку...
2025-04-04 01:34:27,386 - INFO - Операция: Улучшение ответа
2025-04-04 01:34:27,386 - INFO - Детали: Начало финальной обработки
2025-04-04 01:34:28,610 - INFO - Запрос: Требуется информация как создать документ?
2025-04-04 01:34:28,610 - INFO - Ответ: Вот улучшенный вариант ответа:

```
Запрос: Требуется информация о том, как создать документ.
Найденная информация: Информация о создании документа не найдена ни в одном из предоставленных документов.

Ответ: К сожалению, информация о том, как создать документ, не была найдена ни в одном из предоставленных документов. Вам может понадобиться обратиться к руководству пользователя вашего программного обеспечения или воспользоваться справочной системой программы для получения подробных инструкций по созданию документов.
```

Если же ваш запрос касается общего содержания документов, можно структурировать ответ следующим образом:

```
Запрос: Нужна информация о содержании документов.
Ответ: Документы не содержат информации о том, как создать документ. Основные темы и разделы документов включают:
1. **Введение**  
2. **Основные разделы**  
3. **Приложения** (если есть)

Для получения конкретных инструкций по созданию документа вам необходимо обратиться к руководству пользователя вашей программы или использовать встроенную справку приложения.
2025-04-04 01:37:30,134 - INFO - Операция: Анализ запроса
2025-04-04 01:37:30,135 - INFO - Детали: Начало анализа
2025-04-04 01:37:30,135 - INFO - === Запрос пользователя ===
2025-04-04 01:37:30,135 - INFO - Требуется информация как создать документ?
2025-04-04 01:37:30,135 - INFO - === Ответ системы ===
2025-04-04 01:37:30,135 - INFO - =====================
2025-04-04 01:37:32,929 - INFO - Операция: Анализ запроса завершен
2025-04-04 01:37:32,929 - INFO - Детали: Получен результат анализа
2025-04-04 01:37:32,929 - INFO - Операция: Обработка файла
2025-04-04 01:37:32,929 - INFO - Детали: Файл: Документ Microsoft Word по заказу.docx
2025-04-04 01:37:32,929 - INFO - Операция: Чтение Word файла
2025-04-04 01:37:32,929 - INFO - Детали: Обработка файла: documents\Документ Microsoft Word по заказу.docx
2025-04-04 01:37:32,933 - INFO - Операция: Успешное чтение Word
2025-04-04 01:37:32,933 - INFO - Детали: Извлечено 1 секций
2025-04-04 01:37:32,934 - INFO - Операция: Обработка файла
2025-04-04 01:37:32,934 - INFO - Детали: Файл: Документ Microsoft Word.docx
2025-04-04 01:37:32,934 - INFO - Операция: Чтение Word файла
2025-04-04 01:37:32,934 - INFO - Детали: Обработка файла: documents\Документ Microsoft Word.docx
2025-04-04 01:37:32,936 - INFO - Операция: Успешное чтение Word
2025-04-04 01:37:32,936 - INFO - Детали: Извлечено 1 секций
2025-04-04 01:37:32,937 - INFO - Операция: Обработка файла
2025-04-04 01:37:32,937 - INFO - Детали: Файл: Лист Microsoft Excel.xlsx
2025-04-04 01:37:32,937 - INFO - Операция: Чтение Excel файла
2025-04-04 01:37:32,937 - INFO - Детали: Обработка файла: documents\Лист Microsoft Excel.xlsx
2025-04-04 01:37:33,048 - INFO - Операция: Успешное чтение Excel
2025-04-04 01:37:33,048 - INFO - Детали: Извлечено 1 секций
2025-04-04 01:37:33,049 - INFO - Операция: Отправка запроса к GigaChat
2025-04-04 01:37:33,049 - INFO - Детали: Подготовка промпта
2025-04-04 01:37:33,332 - INFO - Операция: Улучшение ответа
2025-04-04 01:37:33,332 - INFO - Детали: Начало финальной обработки
2025-04-04 01:37:34,149 - INFO - === Запрос пользователя ===
2025-04-04 01:37:34,149 - INFO - Требуется информация как создать документ?
2025-04-04 01:37:34,149 - INFO - === Ответ системы ===
2025-04-04 01:37:34,150 - INFO - Вот улучшенный вариант ответа:

```
Запрос: Требуется информация о том, как создать документ.
Найден
2025-04-04 01:37:34,150 - INFO - ная информация: Информация о создании документа не найдена ни в одном из предоставленных документов.
2025-04-04 01:37:34,150 - INFO - 

Ответ: К сожалению, информация о том, как создать документ, не была найдена ни в одном из предоста
2025-04-04 01:37:34,150 - INFO - вленных документов. Вам может понадобиться обратиться к руководству пользователя вашего программного
2025-04-04 01:37:34,150 - INFO -  обеспечения или онлайн-ресурсам, связанным с используемой программой для создания документов (напри
2025-04-04 01:37:34,150 - INFO - мер, Microsoft Word, Google Docs и т.д.). Также возможно, что такая информация содержится в других д
2025-04-04 01:37:34,150 - INFO - окументах, которые не были предоставлены.
2025-04-04 01:37:34,150 - INFO - =====================
2025-04-04 01:37:57,354 - INFO - Операция: Анализ запроса
2025-04-04 01:37:57,354 - INFO - Детали: Начало анализа
2025-04-04 01:37:57,354 - INFO - === Запрос пользователя ===
2025-04-04 01:37:57,354 - INFO - Требуется информация как создать заказ на доставку?
2025-04-04 01:37:57,355 - INFO - === Ответ системы ===
2025-04-04 01:37:57,355 - INFO - =====================
2025-04-04 01:37:59,977 - INFO - Операция: Анализ запроса завершен
2025-04-04 01:37:59,977 - INFO - Детали: Получен результат анализа
2025-04-04 01:37:59,978 - INFO - Операция: Обработка файла
2025-04-04 01:37:59,978 - INFO - Детали: Файл: Документ Microsoft Word по заказу.docx
2025-04-04 01:37:59,978 - INFO - Операция: Чтение Word файла
2025-04-04 01:37:59,978 - INFO - Детали: Обработка файла: documents\Документ Microsoft Word по заказу.docx
2025-04-04 01:37:59,981 - INFO - Операция: Успешное чтение Word
2025-04-04 01:37:59,981 - INFO - Детали: Извлечено 1 секций
2025-04-04 01:37:59,981 - INFO - Операция: Обработка файла
2025-04-04 01:37:59,981 - INFO - Детали: Файл: Документ Microsoft Word.docx
2025-04-04 01:37:59,982 - INFO - Операция: Чтение Word файла
2025-04-04 01:37:59,982 - INFO - Детали: Обработка файла: documents\Документ Microsoft Word.docx
2025-04-04 01:37:59,984 - INFO - Операция: Успешное чтение Word
2025-04-04 01:37:59,984 - INFO - Детали: Извлечено 1 секций
2025-04-04 01:37:59,984 - INFO - Операция: Обработка файла
2025-04-04 01:37:59,984 - INFO - Детали: Файл: Лист Microsoft Excel.xlsx
2025-04-04 01:37:59,984 - INFO - Операция: Чтение Excel файла
2025-04-04 01:37:59,984 - INFO - Детали: Обработка файла: documents\Лист Microsoft Excel.xlsx
2025-04-04 01:37:59,988 - INFO - Операция: Успешное чтение Excel
2025-04-04 01:37:59,988 - INFO - Детали: Извлечено 1 секций
2025-04-04 01:37:59,988 - INFO - Операция: Отправка запроса к GigaChat
2025-04-04 01:37:59,988 - INFO - Детали: Подготовка промпта
2025-04-04 01:38:01,345 - INFO - Операция: Улучшение ответа
2025-04-04 01:38:01,345 - INFO - Детали: Начало финальной обработки
2025-04-04 01:38:02,303 - INFO - === Запрос пользователя ===
2025-04-04 01:38:02,303 - INFO - Требуется информация как создать заказ на доставку?
2025-04-04 01:38:02,303 - INFO - === Ответ системы ===
2025-04-04 01:38:02,304 - INFO - Для создания заказа на доставку необходимо использовать транзакцию **me21n**. Эта информация содержи
2025-04-04 01:38:02,304 - INFO - тся в документе **"Документ Microsoft Word по заказу.docx"**, в разделе **"Основной текст (Страница 
2025-04-04 01:38:02,304 - INFO - 1)"**, на странице 1. Также в этом же документе можно найти информацию о создании счета-фактуры с по
2025-04-04 01:38:02,304 - INFO - мощью транзакции **miro**.

Если у вас есть другие вопросы, касающиеся содержания других документов,
2025-04-04 01:38:02,304 - INFO -  пожалуйста, уточните их, чтобы я мог вам помочь.
2025-04-04 01:38:02,304 - INFO - =====================
2025-04-04 01:42:24,212 - INFO - Операция: Анализ запроса
2025-04-04 01:42:24,212 - INFO - Детали: Начало анализа
2025-04-04 01:42:24,212 - INFO - === Запрос пользователя ===
2025-04-04 01:42:24,212 - INFO - Требуется информация как создать счет-фактуру
2025-04-04 01:42:24,212 - INFO - === Ответ системы ===
2025-04-04 01:42:24,212 - INFO - =====================
2025-04-04 01:42:27,667 - INFO - Операция: Анализ запроса завершен
2025-04-04 01:42:27,667 - INFO - Детали: Получен результат анализа
2025-04-04 01:42:27,667 - INFO - Операция: Обработка файла
2025-04-04 01:42:27,667 - INFO - Детали: Файл: Документ Microsoft Word по заказу.docx
2025-04-04 01:42:27,667 - INFO - Операция: Чтение Word файла
2025-04-04 01:42:27,667 - INFO - Детали: Обработка файла: documents\Документ Microsoft Word по заказу.docx
2025-04-04 01:42:27,671 - INFO - Операция: Успешное чтение Word
2025-04-04 01:42:27,671 - INFO - Детали: Извлечено 1 секций
2025-04-04 01:42:27,672 - INFO - Операция: Обработка файла
2025-04-04 01:42:27,672 - INFO - Детали: Файл: Документ Microsoft Word.docx
2025-04-04 01:42:27,672 - INFO - Операция: Чтение Word файла
2025-04-04 01:42:27,672 - INFO - Детали: Обработка файла: documents\Документ Microsoft Word.docx
2025-04-04 01:42:27,674 - INFO - Операция: Успешное чтение Word
2025-04-04 01:42:27,674 - INFO - Детали: Извлечено 1 секций
2025-04-04 01:42:27,674 - INFO - Операция: Обработка файла
2025-04-04 01:42:27,675 - INFO - Детали: Файл: Лист Microsoft Excel.xlsx
2025-04-04 01:42:27,675 - INFO - Операция: Чтение Excel файла
2025-04-04 01:42:27,675 - INFO - Детали: Обработка файла: documents\Лист Microsoft Excel.xlsx
2025-04-04 01:42:27,788 - INFO - Операция: Успешное чтение Excel
2025-04-04 01:42:27,788 - INFO - Детали: Извлечено 1 секций
2025-04-04 01:42:27,788 - INFO - Операция: Отправка запроса к GigaChat
2025-04-04 01:42:27,788 - INFO - Детали: Подготовка промпта
2025-04-04 01:42:28,877 - INFO - Операция: Улучшение ответа
2025-04-04 01:42:28,877 - INFO - Детали: Начало финальной обработки
2025-04-04 01:42:30,196 - INFO - === Запрос пользователя ===
2025-04-04 01:42:30,196 - INFO - Требуется информация как создать счет-фактуру
2025-04-04 01:42:30,197 - INFO - === Ответ системы ===
2025-04-04 01:42:30,197 - INFO - Для создания счета-фактуры необходимо выполнить следующие действия:

### Документ 1:
**Основная инфо
2025-04-04 01:42:30,197 - INFO - рмация:**
- **Требуется использование транзакции miro** для создания счета-фактуры.
- **Дополнительн
2025-04-04 01:42:30,197 - INFO - ая информация:**
  - Для просмотра уже созданного счета-фактуры также используется транзакция miro.

2025-04-04 01:42:30,197 - INFO -   
**Источник:**
- Файл: "Документ Microsoft Word по заказу.docx"
- Раздел: Основной текст (страница
2025-04-04 01:42:30,197 - INFO -  1), страница 1

---

### Документ 2:
**Основная информация:**
- **Необходимо связаться с Вовкой** д
2025-04-04 01:42:30,197 - INFO - ля создания счета-фактуры.
- **Дополнительная информация:**
  - Возможность создания счета-фактуры ч
2025-04-04 01:42:30,197 - INFO - ерез печатную версию.
  - Связь с Вовкой обязательна для создания счета-фактуры.

**Источник:**
- Фа
2025-04-04 01:42:30,197 - INFO - йл: "Документ Microsoft Word.docx"
- Раздел: Основной текст (страница 1), страница 1
2025-04-04 01:42:30,198 - INFO - =====================
2025-04-04 01:43:11,024 - INFO - Операция: Анализ запроса
2025-04-04 01:43:11,024 - INFO - Детали: Начало анализа
2025-04-04 01:43:11,024 - INFO - === Запрос пользователя ===
2025-04-04 01:43:11,025 - INFO - Требуется информация по счет-фактуре
2025-04-04 01:43:11,025 - INFO - === Ответ системы ===
2025-04-04 01:43:11,025 - INFO - =====================
2025-04-04 01:43:13,944 - INFO - Операция: Анализ запроса завершен
2025-04-04 01:43:13,944 - INFO - Детали: Получен результат анализа
2025-04-04 01:43:13,944 - INFO - Операция: Обработка файла
2025-04-04 01:43:13,944 - INFO - Детали: Файл: Документ Microsoft Word по заказу.docx
2025-04-04 01:43:13,945 - INFO - Операция: Чтение Word файла
2025-04-04 01:43:13,945 - INFO - Детали: Обработка файла: documents\Документ Microsoft Word по заказу.docx
2025-04-04 01:43:13,948 - INFO - Операция: Успешное чтение Word
2025-04-04 01:43:13,948 - INFO - Детали: Извлечено 1 секций
2025-04-04 01:43:13,948 - INFO - Операция: Обработка файла
2025-04-04 01:43:13,948 - INFO - Детали: Файл: Документ Microsoft Word.docx
2025-04-04 01:43:13,948 - INFO - Операция: Чтение Word файла
2025-04-04 01:43:13,948 - INFO - Детали: Обработка файла: documents\Документ Microsoft Word.docx
2025-04-04 01:43:13,950 - INFO - Операция: Успешное чтение Word
2025-04-04 01:43:13,950 - INFO - Детали: Извлечено 1 секций
2025-04-04 01:43:13,950 - INFO - Операция: Обработка файла
2025-04-04 01:43:13,950 - INFO - Детали: Файл: Лист Microsoft Excel.xlsx
2025-04-04 01:43:13,950 - INFO - Операция: Чтение Excel файла
2025-04-04 01:43:13,950 - INFO - Детали: Обработка файла: documents\Лист Microsoft Excel.xlsx
2025-04-04 01:43:13,954 - INFO - Операция: Успешное чтение Excel
2025-04-04 01:43:13,954 - INFO - Детали: Извлечено 1 секций
2025-04-04 01:43:13,954 - INFO - Операция: Отправка запроса к GigaChat
2025-04-04 01:43:13,954 - INFO - Детали: Подготовка промпта
2025-04-04 01:43:14,902 - INFO - Операция: Улучшение ответа
2025-04-04 01:43:14,902 - INFO - Детали: Начало финальной обработки
2025-04-04 01:43:16,291 - INFO - === Запрос пользователя ===
2025-04-04 01:43:16,291 - INFO - Требуется информация по счет-фактуре
2025-04-04 01:43:16,292 - INFO - === Ответ системы ===
2025-04-04 01:43:16,292 - INFO - Вот улучшенный вариант ответа:

Для создания счета-фактуры необходимо обратиться к следующим докумен
2025-04-04 01:43:16,292 - INFO - там:

### Первый документ:
**Файл: Документ Microsoft Word по заказу.docx**  
**Страница: 1**  
**Ра
2025-04-04 01:43:16,292 - INFO - здел: Основной текст**
- **Создание счета-фактуры**: Для создания счета-фактуры используется транзак
2025-04-04 01:43:16,292 - INFO - ция `miro`.
- **Изменение счета-фактуры**: Изменить счет-фактуру также можно через транзакцию `miro`
2025-04-04 01:43:16,292 - INFO - .
- **Просмотр счета-фактуры**: Просмотр счета-фактуры осуществляется через транзакцию `miro`.

### 
2025-04-04 01:43:16,292 - INFO - Второй документ:
**Файл: Документ Microsoft Word.docx**  
**Страница: 1**  
**Раздел: Основной текст
2025-04-04 01:43:16,292 - INFO - **
- **Создание счета-фактуры**: Дополнительно требуется связаться с сотрудником по имени "Вовка".


2025-04-04 01:43:16,292 - INFO - Таким образом, для создания счета-фактуры нужно воспользоваться транзакцией `miro`, а при необходимо
2025-04-04 01:43:16,293 - INFO - сти внесения изменений – также связаться с указанным сотрудником.
2025-04-04 01:43:16,293 - INFO - =====================
2025-04-04 01:44:11,225 - INFO - Операция: Анализ запроса
2025-04-04 01:44:11,225 - INFO - Детали: Начало анализа
2025-04-04 01:44:11,225 - INFO - === Запрос пользователя ===
2025-04-04 01:44:11,225 - INFO - Требуется информация как создать документ?
2025-04-04 01:44:11,225 - INFO - === Ответ системы ===
2025-04-04 01:44:11,225 - INFO - =====================
2025-04-04 01:44:13,447 - INFO - Операция: Анализ запроса завершен
2025-04-04 01:44:13,447 - INFO - Детали: Получен результат анализа
2025-04-04 01:44:13,447 - INFO - Операция: Обработка файла
2025-04-04 01:44:13,447 - INFO - Детали: Файл: Документ Microsoft Word по заказу.docx
2025-04-04 01:44:13,448 - INFO - Операция: Чтение Word файла
2025-04-04 01:44:13,448 - INFO - Детали: Обработка файла: documents\Документ Microsoft Word по заказу.docx
2025-04-04 01:44:13,451 - INFO - Операция: Успешное чтение Word
2025-04-04 01:44:13,451 - INFO - Детали: Извлечено 1 секций
2025-04-04 01:44:13,451 - INFO - Операция: Обработка файла
2025-04-04 01:44:13,451 - INFO - Детали: Файл: Документ Microsoft Word.docx
2025-04-04 01:44:13,451 - INFO - Операция: Чтение Word файла
2025-04-04 01:44:13,451 - INFO - Детали: Обработка файла: documents\Документ Microsoft Word.docx
2025-04-04 01:44:13,453 - INFO - Операция: Успешное чтение Word
2025-04-04 01:44:13,453 - INFO - Детали: Извлечено 1 секций
2025-04-04 01:44:13,453 - INFO - Операция: Обработка файла
2025-04-04 01:44:13,453 - INFO - Детали: Файл: Лист Microsoft Excel.xlsx
2025-04-04 01:44:13,453 - INFO - Операция: Чтение Excel файла
2025-04-04 01:44:13,453 - INFO - Детали: Обработка файла: documents\Лист Microsoft Excel.xlsx
2025-04-04 01:44:13,457 - INFO - Операция: Успешное чтение Excel
2025-04-04 01:44:13,457 - INFO - Детали: Извлечено 1 секций
2025-04-04 01:44:13,458 - INFO - Операция: Отправка запроса к GigaChat
2025-04-04 01:44:13,458 - INFO - Детали: Подготовка промпта
2025-04-04 01:44:13,711 - INFO - Операция: Улучшение ответа
2025-04-04 01:44:13,711 - INFO - Детали: Начало финальной обработки
2025-04-04 01:44:14,347 - INFO - === Запрос пользователя ===
2025-04-04 01:44:14,347 - INFO - Требуется информация как создать документ?
2025-04-04 01:44:14,347 - INFO - === Ответ системы ===
2025-04-04 01:44:14,347 - INFO - Вот улучшенный вариант ответа:

```
Запрос: Требуется информация о том, как создать документ.
Найден
2025-04-04 01:44:14,347 - INFO - ная информация: Информация о создании документа не найдена ни в одном из предоставленных документов.
2025-04-04 01:44:14,347 - INFO - 

Ответ: К сожалению, мы не нашли информации о создании документа ни в одном из предоставленных файл
2025-04-04 01:44:14,348 - INFO - ов, страниц или разделов. Вам необходимо обратиться к дополнительным источникам или специалистам для
2025-04-04 01:44:14,348 - INFO -  получения этой информации.
2025-04-04 01:44:14,348 - INFO - =====================
